20:19:52 **** Incremental Build of configuration Debug for project STM32_GPIO_HAL ****
make -j20 all 
arm-none-eabi-gcc "../Core/Src/GPIO_HAL.c" -mcpu=cortex-m4 -std=gnu11 -g3 -DDEBUG -DUSE_HAL_DRIVER -DSTM32F411xE -c -I../Core/Inc -I../Drivers/STM32F4xx_HAL_Driver/Inc -I../Drivers/STM32F4xx_HAL_Driver/Inc/Legacy -I../Drivers/CMSIS/Device/ST/STM32F4xx/Include -I../Drivers/CMSIS/Include -O0 -ffunction-sections -fdata-sections -Wall -fstack-usage -fcyclomatic-complexity -MMD -MP -MF"Core/Src/GPIO_HAL.d" -MT"Core/Src/GPIO_HAL.o" --specs=nano.specs -mfpu=fpv4-sp-d16 -mfloat-abi=hard -mthumb -o "Core/Src/GPIO_HAL.o"
arm-none-eabi-gcc "../Core/Src/main.c" -mcpu=cortex-m4 -std=gnu11 -g3 -DDEBUG -DUSE_HAL_DRIVER -DSTM32F411xE -c -I../Core/Inc -I../Drivers/STM32F4xx_HAL_Driver/Inc -I../Drivers/STM32F4xx_HAL_Driver/Inc/Legacy -I../Drivers/CMSIS/Device/ST/STM32F4xx/Include -I../Drivers/CMSIS/Include -O0 -ffunction-sections -fdata-sections -Wall -fstack-usage -fcyclomatic-complexity -MMD -MP -MF"Core/Src/main.d" -MT"Core/Src/main.o" --specs=nano.specs -mfpu=fpv4-sp-d16 -mfloat-abi=hard -mthumb -o "Core/Src/main.o"
arm-none-eabi-gcc -o "STM32_GPIO_HAL.elf" @"objects.list"   -mcpu=cortex-m4 -T"C:\Users\Zehta\Documents\Repository\STM32_GPIO_HAL\STM32_GPIO_HAL\STM32F411RETX_FLASH.ld" --specs=nosys.specs -Wl,-Map="STM32_GPIO_HAL.map" -Wl,--gc-sections -static --specs=nano.specs -mfpu=fpv4-sp-d16 -mfloat-abi=hard -mthumb -Wl,--start-group -lc -lm -Wl,--end-group
Finished building target: STM32_GPIO_HAL.elf
 
arm-none-eabi-size  STM32_GPIO_HAL.elf 
arm-none-eabi-objdump -h -S STM32_GPIO_HAL.elf  > "STM32_GPIO_HAL.list"
   text	   data	    bss	    dec	    hex	filename
   6196	     12	   1572	   7780	   1e64	STM32_GPIO_HAL.elf
Finished building: default.size.stdout
 
Finished building: STM32_GPIO_HAL.list
 
20:19:55 **** Incremental Build of configuration Debug for project STM32_GPIO_HAL ****
make -j20 all 
arm-none-eabi-size  STM32_GPIO_HAL.elf 
   text	   data	    bss	    dec	    hex	filename
   6196	     12	   1572	   7780	   1e64	STM32_GPIO_HAL.elf
Finished building: default.size.stdout
 
